// Jest Snapshot v1, https://goo.gl/fbAQLP

exports[`snapshot Margin atom 1`] = `
<DocumentFragment>
  <div
    class=" dse-margin-left-xl"
  >
    <span>
      this is some text
    </span>
  </div>
</DocumentFragment>
`;
